../Core/Src/main.c:63:5:__io_putchar	24	static
../Core/Src/main.c:96:5:main	240	static
../Core/Src/main.c:189:6:SystemClock_Config	72	static
../Core/Src/main.c:229:13:MX_I2C1_Init	8	static
../Core/Src/main.c:263:13:MX_SPI1_Init	8	static
../Core/Src/main.c:301:13:MX_USART1_UART_Init	8	static
../Core/Src/main.c:334:13:MX_USART3_UART_Init	8	static
../Core/Src/main.c:367:13:MX_GPIO_Init	40	static
../Core/Src/main.c:426:6:HAL_GPIO_EXTI_Callback	16	static
../Core/Src/main.c:451:6:Error_Handler	4	static,ignoring_inline_asm
