../Core/Src/main.c:64:5:__io_putchar	24	static
../Core/Src/main.c:97:5:main	240	static
../Core/Src/main.c:190:6:SystemClock_Config	72	static
../Core/Src/main.c:230:13:MX_I2C1_Init	8	static
../Core/Src/main.c:264:13:MX_SPI1_Init	8	static
../Core/Src/main.c:302:13:MX_USART1_UART_Init	8	static
../Core/Src/main.c:335:13:MX_USART3_UART_Init	8	static
../Core/Src/main.c:368:13:MX_GPIO_Init	40	static
../Core/Src/main.c:427:6:HAL_GPIO_EXTI_Callback	16	static
../Core/Src/main.c:452:6:Error_Handler	4	static,ignoring_inline_asm
